// Vitest Snapshot v1

exports[`snapshots > toUpperCase 1`] = `"FOOBAR"`;
